// Jest Snapshot v1, https://goo.gl/fbAQLP

exports[`BPMSlider Test should be a Slider tag 1`] = `
<span
  className="MuiSlider-root MuiSlider-colorPrimary"
  onMouseDown={[Function]}
>
  <span
    className="MuiSlider-rail"
  />
  <span
    className="MuiSlider-track"
    style={
      Object {
        "left": "0%",
        "width": "NaN%",
      }
    }
  />
  <input
    type="hidden"
    value="NaN"
  />
  <span
    aria-labelledby="discrete-slider-small-steps"
    aria-orientation="horizontal"
    aria-valuemax={240}
    aria-valuemin={60}
    aria-valuenow={NaN}
    className="MuiSlider-thumb MuiSlider-thumbColorPrimary"
    data-index={0}
    onBlur={[Function]}
    onFocus={[Function]}
    onKeyDown={[Function]}
    onMouseLeave={[Function]}
    onMouseOver={[Function]}
    role="slider"
    style={
      Object {
        "left": "NaN%",
      }
    }
    tabIndex={0}
  />
</span>
`;
